// Vitest Snapshot v1, https://vitest.dev/guide/snapshot.html

exports[`ResultExpression component > matches the snapshot 1`] = `
<div>
  <div
    class="mb-4"
  >
    <div
      aria-label="result-expression"
      class="result m-2 text-3xl text-right"
    >
      4s+s
    </div>
    <div
      aria-label="error-expression"
      class="error-block text-red-500 h-6 text-right"
    />
  </div>
</div>
`;
